error: unknown directive
   |
note: instantiated into assembly here
  --> <inline asm>:1:1
   |
LL | .intel_syntax noprefix
   | ^

error: unknown directive
   |
note: instantiated into assembly here
  --> <inline asm>:1:1
   |
LL | .intel_syntax noprefix
   | ^
   = note: duplicate diagnostic emitted due to `-Z deduplicate-diagnostics=no`

error: unknown directive
   |
note: instantiated into assembly here
  --> <inline asm>:1:1
   |
LL | .intel_syntax noprefix
   | ^

error: unknown directive
  --> $DIR/inline-syntax.rs:37:15
   |
LL |         asm!(".intel_syntax noprefix", "nop");
   |               ^
   |
note: instantiated into assembly here
  --> <inline asm>:1:2
   |
LL |     .intel_syntax noprefix
   |     ^

error: unknown directive
  --> $DIR/inline-syntax.rs:40:15
   |
LL |         asm!(".intel_syntax aaa noprefix", "nop");
   |               ^
   |
note: instantiated into assembly here
  --> <inline asm>:1:2
   |
LL |     .intel_syntax aaa noprefix
   |     ^

error: unknown directive
  --> $DIR/inline-syntax.rs:43:15
   |
LL |         asm!(".att_syntax noprefix", "nop");
   |               ^
   |
note: instantiated into assembly here
  --> <inline asm>:1:2
   |
LL |     .att_syntax noprefix
   |     ^

error: unknown directive
  --> $DIR/inline-syntax.rs:46:15
   |
LL |         asm!(".att_syntax bbb noprefix", "nop");
   |               ^
   |
note: instantiated into assembly here
  --> <inline asm>:1:2
   |
LL |     .att_syntax bbb noprefix
   |     ^

error: unknown directive
  --> $DIR/inline-syntax.rs:49:15
   |
LL |         asm!(".intel_syntax noprefix; nop");
   |               ^
   |
note: instantiated into assembly here
  --> <inline asm>:1:2
   |
LL |     .intel_syntax noprefix; nop
   |     ^

error: unknown directive
  --> $DIR/inline-syntax.rs:55:13
   |
LL |             .intel_syntax noprefix
   |             ^
   |
note: instantiated into assembly here
  --> <inline asm>:2:13
   |
LL |             .intel_syntax noprefix
   |             ^

error: aborting due to 9 previous errors

